wasctl  vdev                                                                0:00
────────────────────────────────────────────────────────────────────────────────
  ✓ Preflight
  ✗ Bootstrap  state bucket already exists
  ○ Backend
  ○ Infrastructure
  ○ Kubeconfig
  ○ Add-ons
  ○ App deployment
────────────────────────────────────────────────────────────────────────────────
────────────────────────────────────────────────────────────────────────────────
  q quit  ctrl+c abort                                                          