wasctl  vdev                                                                0:00
────────────────────────────────────────────────────────────────────────────────
  ○ Preflight
  ○ Bootstrap
  ○ Backend
  ○ Infrastructure
  ○ Kubeconfig
  ○ Add-ons
  ○ App deployment
────────────────────────────────────────────────────────────────────────────────
────────────────────────────────────────────────────────────────────────────────
  q quit  ctrl+c abort                                                          